// Jest Snapshot v1, https://goo.gl/fbAQLP

exports[`App renders correctly 1`] = `
<div>
  <div>
    Doggy Meals
  </div>
  <div
    className="meal-list"
  />
  <Button
    active={false}
    className="btn-add"
    disabled={false}
    onClick={[Function]}
    type="button"
    variant="primary"
  >
    Add Doggy Meal
  </Button>
</div>
`;
